// Jest Snapshot v1, https://goo.gl/fbAQLP

exports[` 1`] = `
<header
  className="blog-header py-3"
>
  <div
    className="row flex-nowrap justify-content-between align-items-center"
  >
    <div
      className="col-4 pt-1"
    >
      <a
        className="text-muted"
        href={null}
      >
        Subscribe
      </a>
    </div>
    <div
      className="col-4 text-center"
    >
      <a
        className="blog-header-logo text-dark"
        href={null}
      >
        Large
      </a>
    </div>
    <div
      className="col-4 d-flex justify-content-end align-items-center"
    >
      <a
        className="text-muted"
        href={null}
      >
        <svg
          className="mx-3"
          fill="none"
          height="20"
          stroke="currentColor"
          strokeLinecap="round"
          strokeLinejoin="round"
          strokeWidth="2"
          viewBox="0 0 24 24"
          width="20"
          xmlns="http://www.w3.org/2000/svg"
        >
          <circle
            cx="10.5"
            cy="10.5"
            r="7.5"
          />
          <line
            x1="21"
            x2="15.8"
            y1="21"
            y2="15.8"
          />
        </svg>
      </a>
      <a
        className="btn btn-sm btn-outline-secondary"
        href={null}
      >
        Sign up
      </a>
    </div>
  </div>
</header>
`;

exports[`modules/shared/layouts/Header matchs 1`] = `
<header
  className="blog-header py-3"
>
  <div
    className="row flex-nowrap justify-content-between align-items-center"
  >
    <div
      className="col-4 pt-1"
    >
      <a
        className="text-muted"
        href={null}
      >
        Subscribe
      </a>
    </div>
    <div
      className="col-4 text-center"
    >
      <a
        className="blog-header-logo text-dark"
        href={null}
      >
        Large
      </a>
    </div>
    <div
      className="col-4 d-flex justify-content-end align-items-center"
    >
      <a
        className="text-muted"
        href={null}
      >
        <svg
          className="mx-3"
          fill="none"
          height="20"
          stroke="currentColor"
          strokeLinecap="round"
          strokeLinejoin="round"
          strokeWidth="2"
          viewBox="0 0 24 24"
          width="20"
          xmlns="http://www.w3.org/2000/svg"
        >
          <circle
            cx="10.5"
            cy="10.5"
            r="7.5"
          />
          <line
            x1="21"
            x2="15.8"
            y1="21"
            y2="15.8"
          />
        </svg>
      </a>
      <a
        className="btn btn-sm btn-outline-secondary"
        href={null}
      >
        Sign up
      </a>
    </div>
  </div>
</header>
`;
